2025-10-09T02:30:33: Mongo URI: mongodb+srv://adimeena:1234@cluster0.pf2mner.mongodb.net/myexpressdb?retryWrites=true&w=majority
Error: bind EADDRINUSE null:5001
    at listenOnPrimaryHandle (node:net:2021:18)
    at rr (node:internal/cluster/child:163:12)
    at Worker.<anonymous> (node:internal/cluster/child:113:7)
    at process.onInternalMessage (node:internal/cluster/utils:49:5)
    at process.emit (node:events:530:35)
    at emit (node:internal/child_process:949:14)
    at process.processTicksAndRejections (node:internal/process/task_queues:91:21)
2025-10-09T02:30:34: Mongo URI: mongodb+srv://adimeena:1234@cluster0.pf2mner.mongodb.net/myexpressdb?retryWrites=true&w=majority
Error: bind EADDRINUSE null:5001
    at listenOnPrimaryHandle (node:net:2021:18)
    at rr (node:internal/cluster/child:163:12)
    at Worker.<anonymous> (node:internal/cluster/child:113:7)
    at process.onInternalMessage (node:internal/cluster/utils:49:5)
    at process.emit (node:events:530:35)
    at emit (node:internal/child_process:949:14)
    at process.processTicksAndRejections (node:internal/process/task_queues:91:21)
2025-10-09T02:30:34: Mongo URI: mongodb+srv://adimeena:1234@cluster0.pf2mner.mongodb.net/myexpressdb?retryWrites=true&w=majority
Error: bind EADDRINUSE null:5001
    at listenOnPrimaryHandle (node:net:2021:18)
    at rr (node:internal/cluster/child:163:12)
    at Worker.<anonymous> (node:internal/cluster/child:113:7)
    at process.onInternalMessage (node:internal/cluster/utils:49:5)
    at process.emit (node:events:530:35)
    at emit (node:internal/child_process:949:14)
    at process.processTicksAndRejections (node:internal/process/task_queues:91:21)
2025-10-09T02:30:34: Mongo URI: mongodb+srv://adimeena:1234@cluster0.pf2mner.mongodb.net/myexpressdb?retryWrites=true&w=majority
Error: bind EADDRINUSE null:5001
    at listenOnPrimaryHandle (node:net:2021:18)
    at rr (node:internal/cluster/child:163:12)
    at Worker.<anonymous> (node:internal/cluster/child:113:7)
    at process.onInternalMessage (node:internal/cluster/utils:49:5)
    at process.emit (node:events:530:35)
    at emit (node:internal/child_process:949:14)
    at process.processTicksAndRejections (node:internal/process/task_queues:91:21)
2025-10-09T02:30:34: Mongo URI: mongodb+srv://adimeena:1234@cluster0.pf2mner.mongodb.net/myexpressdb?retryWrites=true&w=majority
Error: bind EADDRINUSE null:5001
    at listenOnPrimaryHandle (node:net:2021:18)
    at rr (node:internal/cluster/child:163:12)
    at Worker.<anonymous> (node:internal/cluster/child:113:7)
    at process.onInternalMessage (node:internal/cluster/utils:49:5)
    at process.emit (node:events:530:35)
    at emit (node:internal/child_process:949:14)
    at process.processTicksAndRejections (node:internal/process/task_queues:91:21)
2025-10-09T02:30:35: Mongo URI: mongodb+srv://adimeena:1234@cluster0.pf2mner.mongodb.net/myexpressdb?retryWrites=true&w=majority
Error: bind EADDRINUSE null:5001
    at listenOnPrimaryHandle (node:net:2021:18)
    at rr (node:internal/cluster/child:163:12)
    at Worker.<anonymous> (node:internal/cluster/child:113:7)
    at process.onInternalMessage (node:internal/cluster/utils:49:5)
    at process.emit (node:events:530:35)
    at emit (node:internal/child_process:949:14)
    at process.processTicksAndRejections (node:internal/process/task_queues:91:21)
2025-10-09T02:30:35: Mongo URI: mongodb+srv://adimeena:1234@cluster0.pf2mner.mongodb.net/myexpressdb?retryWrites=true&w=majority
Error: bind EADDRINUSE null:5001
    at listenOnPrimaryHandle (node:net:2021:18)
    at rr (node:internal/cluster/child:163:12)
    at Worker.<anonymous> (node:internal/cluster/child:113:7)
    at process.onInternalMessage (node:internal/cluster/utils:49:5)
    at process.emit (node:events:530:35)
    at emit (node:internal/child_process:949:14)
    at process.processTicksAndRejections (node:internal/process/task_queues:91:21)
2025-10-09T02:30:35: Mongo URI: mongodb+srv://adimeena:1234@cluster0.pf2mner.mongodb.net/myexpressdb?retryWrites=true&w=majority
Error: bind EADDRINUSE null:5001
    at listenOnPrimaryHandle (node:net:2021:18)
    at rr (node:internal/cluster/child:163:12)
    at Worker.<anonymous> (node:internal/cluster/child:113:7)
    at process.onInternalMessage (node:internal/cluster/utils:49:5)
    at process.emit (node:events:530:35)
    at emit (node:internal/child_process:949:14)
    at process.processTicksAndRejections (node:internal/process/task_queues:91:21)
2025-10-09T02:30:36: Mongo URI: mongodb+srv://adimeena:1234@cluster0.pf2mner.mongodb.net/myexpressdb?retryWrites=true&w=majority
Error: bind EADDRINUSE null:5001
    at listenOnPrimaryHandle (node:net:2021:18)
    at rr (node:internal/cluster/child:163:12)
    at Worker.<anonymous> (node:internal/cluster/child:113:7)
    at process.onInternalMessage (node:internal/cluster/utils:49:5)
    at process.emit (node:events:530:35)
    at emit (node:internal/child_process:949:14)
    at process.processTicksAndRejections (node:internal/process/task_queues:91:21)
2025-10-09T02:30:36: Mongo URI: mongodb+srv://adimeena:1234@cluster0.pf2mner.mongodb.net/myexpressdb?retryWrites=true&w=majority
Error: bind EADDRINUSE null:5001
    at listenOnPrimaryHandle (node:net:2021:18)
    at rr (node:internal/cluster/child:163:12)
    at Worker.<anonymous> (node:internal/cluster/child:113:7)
    at process.onInternalMessage (node:internal/cluster/utils:49:5)
    at process.emit (node:events:530:35)
    at emit (node:internal/child_process:949:14)
    at process.processTicksAndRejections (node:internal/process/task_queues:91:21)
2025-10-09T02:30:36: Mongo URI: mongodb+srv://adimeena:1234@cluster0.pf2mner.mongodb.net/myexpressdb?retryWrites=true&w=majority
Error: bind EADDRINUSE null:5001
    at listenOnPrimaryHandle (node:net:2021:18)
    at rr (node:internal/cluster/child:163:12)
    at Worker.<anonymous> (node:internal/cluster/child:113:7)
    at process.onInternalMessage (node:internal/cluster/utils:49:5)
    at process.emit (node:events:530:35)
    at emit (node:internal/child_process:949:14)
    at process.processTicksAndRejections (node:internal/process/task_queues:91:21)
2025-10-09T02:30:36: Mongo URI: mongodb+srv://adimeena:1234@cluster0.pf2mner.mongodb.net/myexpressdb?retryWrites=true&w=majority
Error: bind EADDRINUSE null:5001
    at listenOnPrimaryHandle (node:net:2021:18)
    at rr (node:internal/cluster/child:163:12)
    at Worker.<anonymous> (node:internal/cluster/child:113:7)
    at process.onInternalMessage (node:internal/cluster/utils:49:5)
    at process.emit (node:events:530:35)
    at emit (node:internal/child_process:949:14)
    at process.processTicksAndRejections (node:internal/process/task_queues:91:21)
2025-10-09T02:30:37: Mongo URI: mongodb+srv://adimeena:1234@cluster0.pf2mner.mongodb.net/myexpressdb?retryWrites=true&w=majority
Error: bind EADDRINUSE null:5001
    at listenOnPrimaryHandle (node:net:2021:18)
    at rr (node:internal/cluster/child:163:12)
    at Worker.<anonymous> (node:internal/cluster/child:113:7)
    at process.onInternalMessage (node:internal/cluster/utils:49:5)
    at process.emit (node:events:530:35)
    at emit (node:internal/child_process:949:14)
    at process.processTicksAndRejections (node:internal/process/task_queues:91:21)
2025-10-09T02:30:37: Mongo URI: mongodb+srv://adimeena:1234@cluster0.pf2mner.mongodb.net/myexpressdb?retryWrites=true&w=majority
Error: bind EADDRINUSE null:5001
    at listenOnPrimaryHandle (node:net:2021:18)
    at rr (node:internal/cluster/child:163:12)
    at Worker.<anonymous> (node:internal/cluster/child:113:7)
    at process.onInternalMessage (node:internal/cluster/utils:49:5)
    at process.emit (node:events:530:35)
    at emit (node:internal/child_process:949:14)
    at process.processTicksAndRejections (node:internal/process/task_queues:91:21)
2025-10-09T02:30:37: Mongo URI: mongodb+srv://adimeena:1234@cluster0.pf2mner.mongodb.net/myexpressdb?retryWrites=true&w=majority
Error: bind EADDRINUSE null:5001
    at listenOnPrimaryHandle (node:net:2021:18)
    at rr (node:internal/cluster/child:163:12)
    at Worker.<anonymous> (node:internal/cluster/child:113:7)
    at process.onInternalMessage (node:internal/cluster/utils:49:5)
    at process.emit (node:events:530:35)
    at emit (node:internal/child_process:949:14)
    at process.processTicksAndRejections (node:internal/process/task_queues:91:21)
2025-10-09T02:30:37: Mongo URI: mongodb+srv://adimeena:1234@cluster0.pf2mner.mongodb.net/myexpressdb?retryWrites=true&w=majority
Error: bind EADDRINUSE null:5001
    at listenOnPrimaryHandle (node:net:2021:18)
    at rr (node:internal/cluster/child:163:12)
    at Worker.<anonymous> (node:internal/cluster/child:113:7)
    at process.onInternalMessage (node:internal/cluster/utils:49:5)
    at process.emit (node:events:530:35)
    at emit (node:internal/child_process:949:14)
    at process.processTicksAndRejections (node:internal/process/task_queues:91:21)
2025-10-09T02:32:38: Mongo URI: mongodb+srv://adimeena:1234@cluster0.pf2mner.mongodb.net/myexpressdb?retryWrites=true&w=majority
2025-10-09T02:32:38: Server running on port  5001 : development
2025-10-09T02:32:39: MongoDB Connection Successfully
2025-10-09T02:34:03: Mongo URI: mongodb+srv://adimeena:1234@cluster0.pf2mner.mongodb.net/myexpressdb?retryWrites=true&w=majority
2025-10-09T02:34:03: Server running on port  5001 : development
2025-10-09T02:34:06: Mongo URI: mongodb+srv://adimeena:1234@cluster0.pf2mner.mongodb.net/myexpressdb?retryWrites=true&w=majority
2025-10-09T02:34:06: Server running on port  5001 : development
2025-10-09T02:34:06: MongoDB Connection Successfully
2025-10-09T02:34:54: Mongo URI: mongodb+srv://adimeena:1234@cluster0.pf2mner.mongodb.net/myexpressdb?retryWrites=true&w=majority
2025-10-09T02:34:54: Server running on port  5001 : development
2025-10-09T02:34:57: Mongo URI: mongodb+srv://adimeena:1234@cluster0.pf2mner.mongodb.net/myexpressdb?retryWrites=true&w=majority
2025-10-09T02:34:57: Server running on port  5001 : development
2025-10-09T02:34:58: MongoDB Connection Successfully
